src/components/layout/Header.tsx(31,20): error TS2339: Property 'children' does not exist on type '{ readonly label: "Inicio"; readonly href: "/"; } | { readonly label: "Seguros"; readonly href: "/seguros"; readonly children: { label: "Gastos M├⌐dicos Mayores" | "Seguros Fronterizos" | "Seguros de Vida" | "Seguros de Auto" | "Seguros Empresariales"; href: "/seguros/gastos-medicos" | ... 3 more ... | "/seguros/empr...'.
  Property 'children' does not exist on type '{ readonly label: "Inicio"; readonly href: "/"; }'.
src/components/layout/Header.tsx(63,29): error TS2339: Property 'children' does not exist on type '{ readonly label: "Inicio"; readonly href: "/"; } | { readonly label: "Seguros"; readonly href: "/seguros"; readonly children: { label: "Gastos M├⌐dicos Mayores" | "Seguros Fronterizos" | "Seguros de Vida" | "Seguros de Auto" | "Seguros Empresariales"; href: "/seguros/gastos-medicos" | ... 3 more ... | "/seguros/empr...'.
  Property 'children' does not exist on type '{ readonly label: "Inicio"; readonly href: "/"; }'.
src/components/layout/Header.tsx(63,43): error TS7006: Parameter 'child' implicitly has an 'any' type.
src/components/layout/Header.tsx(126,20): error TS2339: Property 'children' does not exist on type '{ readonly label: "Inicio"; readonly href: "/"; } | { readonly label: "Seguros"; readonly href: "/seguros"; readonly children: { label: "Gastos M├⌐dicos Mayores" | "Seguros Fronterizos" | "Seguros de Vida" | "Seguros de Auto" | "Seguros Empresariales"; href: "/seguros/gastos-medicos" | ... 3 more ... | "/seguros/empr...'.
  Property 'children' does not exist on type '{ readonly label: "Inicio"; readonly href: "/"; }'.
src/components/layout/Header.tsx(131,25): error TS2339: Property 'children' does not exist on type '{ readonly label: "Inicio"; readonly href: "/"; } | { readonly label: "Seguros"; readonly href: "/seguros"; readonly children: { label: "Gastos M├⌐dicos Mayores" | "Seguros Fronterizos" | "Seguros de Vida" | "Seguros de Auto" | "Seguros Empresariales"; href: "/seguros/gastos-medicos" | ... 3 more ... | "/seguros/empr...'.
  Property 'children' does not exist on type '{ readonly label: "Inicio"; readonly href: "/"; }'.
src/components/layout/Header.tsx(131,39): error TS7006: Parameter 'child' implicitly has an 'any' type.
